 % Roy-Walker epsilon
 % perturbed  epsilons tot position eff.
  1  0.00D+00  3.75D-07  1.76D-07  5.29D-09  3.93D-07  1.90D-08  3.61D-10  1.11D-10  6.90D-15            2.214D-07
  2  4.75D-08  0.00D+00  1.15D-06  3.45D-08  2.57D-06  1.24D-07  2.36D-09  7.24D-10  4.50D-14            2.037D-06
  3  2.49D-08  1.28D-06  0.00D+00  9.12D-08  6.78D-06  3.27D-07  6.23D-09  1.91D-09  1.19D-13            6.910D-06
  4  1.07D-08  5.52D-07  1.31D-06  0.00D+00  2.40D-05  1.16D-06  2.20D-08  6.77D-09  4.21D-13            3.667D-05
  5  9.19D-10  4.73D-08  1.12D-07  2.77D-08  0.00D+00  4.60D-05  8.76D-07  2.69D-07  1.67D-11            2.396D-04
  6  2.72D-10  1.40D-08  3.33D-08  8.20D-09  2.82D-04  0.00D+00  5.43D-06  1.67D-06  1.04D-10            2.699D-03
  7  6.79D-11  3.50D-09  8.30D-09  2.05D-09  7.04D-05  7.12D-05  0.00D+00  1.34D-05  8.34D-10            1.933D-03
  8  2.77D-11  1.43D-09  3.38D-09  8.34D-10  2.87D-05  2.90D-05  1.78D-05  0.00D+00  3.20D-09            1.335D-03
  9  1.59D-11  8.20D-10  1.95D-09  4.80D-10  1.65D-05  1.67D-05  1.02D-05  2.96D-05  0.00D+00            1.546D-03
 % heliocentric eta
 % perturbed  eta tot position eff.
  1  0.00D+00  1.40D-06  9.11D-07  4.17D-08  1.06D-05  9.38D-07  3.57D-08  1.72D-08  1.41D-12            4.160D-06
  2  4.54D-07  0.00D+00  3.18D-06  1.45D-07  3.69D-05  3.27D-06  1.25D-07  6.00D-08  4.92D-12            2.691D-05
  3  5.34D-07  5.76D-06  0.00D+00  2.78D-07  7.06D-05  6.26D-06  2.38D-07  1.15D-07  9.41D-12            7.107D-05
  4  6.59D-07  7.11D-06  7.51D-06  0.00D+00  1.64D-04  1.45D-05  5.53D-07  2.66D-07  2.18D-11            2.511D-04
  5  1.22D-06  1.31D-05  1.39D-05  1.19D-06  0.00D+00  1.69D-04  6.45D-06  3.10D-06  2.55D-10            8.875D-04
  6  1.65D-06  1.78D-05  1.88D-05  1.62D-06  2.59D-03  0.00D+00  2.18D-05  1.05D-05  8.60D-10            2.474D-02
  7  2.33D-06  2.52D-05  2.66D-05  2.29D-06  3.66D-03  8.09D-04  0.00D+00  4.20D-05  3.45D-09            7.181D-02
  8  2.92D-06  3.15D-05  3.33D-05  2.86D-06  4.58D-03  1.01D-03  1.09D-04  0.00D+00  8.45D-09            1.407D-01
  9  3.36D-06  3.62D-05  3.82D-05  3.29D-06  5.26D-03  1.16D-03  1.25D-04  1.18D-04  0.00D+00            2.132D-01
 % baricentric theta
 % perturbed  theta tot position eff.
  1  0.00D+00  4.57D-06  7.85D-06  1.27D-06  1.28D-02  7.06D-03  2.16D-03  3.99D-03  7.51D-07            5.935D-03
  2  8.88D-08  0.00D+00  4.20D-06  6.80D-07  6.87D-03  3.78D-03  1.16D-03  2.13D-03  4.02D-07            5.935D-03
  3  6.43D-08  1.77D-06  0.00D+00  4.92D-07  4.97D-03  2.73D-03  8.36D-04  1.54D-03  2.91D-07            5.935D-03
  4  4.22D-08  1.16D-06  2.00D-06  0.00D+00  3.26D-03  1.79D-03  5.48D-04  1.01D-03  1.91D-07            5.935D-03
  5  1.24D-08  3.40D-07  5.84D-07  9.45D-08  0.00D+00  5.25D-04  1.61D-04  2.97D-04  5.59D-08            3.248D-03
  6  6.72D-09  1.85D-07  3.18D-07  5.14D-08  5.20D-04  0.00D+00  8.74D-05  1.62D-04  3.04D-08            5.268D-03
  7  3.36D-09  9.25D-08  1.59D-07  2.57D-08  2.59D-04  1.43D-04  0.00D+00  8.07D-05  1.52D-08            5.876D-03
  8  2.14D-09  5.91D-08  1.01D-07  1.64D-08  1.66D-04  9.12D-05  2.79D-05  0.00D+00  9.69D-09            5.730D-03
  9  1.63D-09  4.48D-08  7.69D-08  1.24D-08  1.26D-04  6.91D-05  2.11D-05  3.91D-05  0.00D+00            5.935D-03
 % synodic periods
 % perturbed  periods (years)
  1   0.000   0.396   0.317   0.276   0.246   0.243   0.242   0.241   0.241
  2   0.396   0.000   1.599   0.914   0.649   0.628   0.620   0.618   0.617
  3   0.317   1.599   0.000   2.135   1.092   1.035   1.012   1.006   1.004
  4   0.276   0.914   2.135   0.000   2.236   2.009   1.924   1.903   1.895
  5   0.246   0.649   1.092   2.236   0.000  19.813  13.817  12.784  12.454
  6   0.243   0.628   1.035   2.009  19.813   0.000  45.654  36.035  33.533
  7   0.242   0.620   1.012   1.924  13.817  45.654   0.000 171.037 126.311
  8   0.241   0.618   1.006   1.903  12.784  36.035 171.037   0.000 483.034
  9   0.241   0.617   1.004   1.895  12.454  33.533 126.311 483.034   0.000
 % Ceres Roy
 10  3.25D-09  1.67D-07  3.97D-07  9.79D-08  1.44D-04  6.94D-06  1.32D-07  4.05D-08  2.52D-12            3.980D-04
 % Ceres eta
 10  8.88D-07  9.58D-06  1.01D-05  8.70D-07  5.40D-04  4.79D-05  1.82D-06  8.78D-07  7.20D-11            1.501D-03
 % Ceres theta
 10  2.32D-08  6.40D-07  1.10D-06  1.78D-07  1.80D-03  9.88D-04  3.02D-04  5.58D-04  1.05D-07            5.935D-03
 % Ceres synodic periods
 10   0.254   0.710   1.278   3.181   7.522   5.452   4.870   4.736   4.690
